[TASK] 任务已提交: S3/S4 × OI 强度分档回测 4h
[TASK] CMD: /usr/local/bin/python3.11 -u /app/scripts/bin/research_cg_s1s8_strength.py --interval 4h
[TASK] 开始执行，cwd=/app/scripts
粒度=4h | oi=561897 cvd=560328 | 成本=0.30% 往返
面板：S3=24300 桶，S4=13405 桶（VOL↑ 且 P↓OI↑）
=== S3/S4 × OI 强度分档（4h） ===
  —— S3 真实空头 · 做空（-fwd）（n=24300）按 OI 增幅分 5 档 ——
    档    OI增幅区间                n | H4h | H8h | H12h | H24h | H48h
    Q1   [+0.00,+0.42)    4860 |  -0.02/ 50% |  -0.05/ 50% |  -0.15/ 49% |  -0.26/ 50% |  -0.52/ 51%
    Q2   [+0.42,+0.98)    4860 |  +0.03/ 50% |  +0.02/ 52% |  -0.13/ 49% |  -0.24/ 50% |  -0.39/ 51%
    Q3   [+0.98,+1.81)    4860 |  -0.06/ 50% |  -0.06/ 53% |  -0.20/ 51% |  -0.18/ 52% |  -0.34/ 51%
    Q4   [+1.81,+3.48)    4860 |  -0.02/ 50% |  -0.03/ 51% |  -0.05/ 51% |  -0.18/ 51% |  -0.35/ 52%
    Q5   [+3.48,+379.01)    4860 |  +0.07/ 51% |  +0.04/ 54% |  +0.04/ 54% |  +0.24/ 56% |  -0.01/ 57%
    净收益（往返成本 0.30%，H48h）：
    档         毛收益      -成本      超额净  说明
    Q1     -0.52%   -0.82%   -0.35%
    Q2     -0.39%   -0.69%   -0.10%
    Q3     -0.34%   -0.64%   -0.07%
    Q4     -0.35%   -0.65%   -0.08%
    Q5     -0.01%   -0.31%   +0.14%
  —— S4 诱空反弹 · 做多（+fwd）（n=13405）按 OI 增幅分 5 档 ——
    档    OI增幅区间                n | H4h | H8h | H12h | H24h | H48h
    Q1   [+0.00,+0.52)    2681 |  -0.02/ 48% |  +0.00/ 48% |  +0.11/ 51% |  +0.20/ 50% |  +0.17/ 48%
    Q2   [+0.52,+1.16)    2681 |  +0.02/ 48% |  +0.12/ 47% |  +0.25/ 48% |  +0.47/ 49% |  +0.66/ 50%
    Q3   [+1.16,+2.04)    2681 |  -0.07/ 48% |  -0.13/ 47% |  -0.04/ 48% |  +0.04/ 48% |  -0.07/ 48%
    Q4   [+2.04,+3.83)    2681 |  +0.01/ 48% |  -0.01/ 47% |  +0.06/ 49% |  +0.25/ 49% |  +0.29/ 48%
    Q5   [+3.83,+205.82)    2681 |  +0.29/ 50% |  +0.47/ 48% |  +0.64/ 49% |  +0.44/ 46% |  +0.55/ 45%
    净收益（往返成本 0.30%，H48h）：
    档         毛收益      -成本      超额净  说明
    Q1     +0.17%   -0.13%   -0.10%
    Q2     +0.66%   +0.36%   +0.34%  ✅ 覆盖成本
    Q3     -0.07%   -0.37%   -0.35%
    Q4     +0.29%   -0.01%   +0.06%
    Q5     +0.55%   +0.25%   +0.33%  ✅ 覆盖成本
=== 稳健性：超额(减BTC)（4h） ===
  —— S3 真实空头 · 做空（-fwd）（n=24300）按 OI 增幅分 5 档 ——
    档    OI增幅区间                n | H4h | H8h | H12h | H24h | H48h
    Q1   [+0.00,+0.42)    4860 |  +0.00/ 52% |  -0.03/ 53% |  -0.07/ 52% |  -0.17/ 53% |  -0.35/ 54%
    Q2   [+0.42,+0.98)    4860 |  +0.06/ 52% |  +0.06/ 53% |  -0.02/ 54% |  -0.10/ 54% |  -0.10/ 55%
    Q3   [+0.98,+1.81)    4860 |  -0.05/ 53% |  -0.05/ 54% |  -0.11/ 54% |  -0.06/ 55% |  -0.07/ 55%
    Q4   [+1.81,+3.48)    4860 |  +0.02/ 53% |  +0.00/ 54% |  +0.05/ 54% |  -0.03/ 55% |  -0.08/ 57%
    Q5   [+3.48,+379.01)    4860 |  +0.07/ 53% |  +0.03/ 54% |  +0.06/ 56% |  +0.30/ 58% |  +0.14/ 59%
    净收益（往返成本 0.30%，H48h）：
    档         毛收益      -成本      超额净  说明
    Q1     -0.52%   -0.82%   -0.35%
    Q2     -0.39%   -0.69%   -0.10%
    Q3     -0.34%   -0.64%   -0.07%
    Q4     -0.35%   -0.65%   -0.08%
    Q5     -0.01%   -0.31%   +0.14%
  —— S4 诱空反弹 · 做多（+fwd）（n=13405）按 OI 增幅分 5 档 ——
    档    OI增幅区间                n | H4h | H8h | H12h | H24h | H48h
    Q1   [+0.00,+0.52)    2681 |  -0.04/ 47% |  -0.02/ 46% |  -0.01/ 47% |  +0.03/ 45% |  -0.10/ 43%
    Q2   [+0.52,+1.16)    2681 |  -0.00/ 46% |  +0.08/ 46% |  +0.11/ 46% |  +0.29/ 47% |  +0.34/ 46%
    Q3   [+1.16,+2.04)    2681 |  -0.09/ 46% |  -0.16/ 45% |  -0.16/ 44% |  -0.12/ 44% |  -0.35/ 44%
    Q4   [+2.04,+3.83)    2681 |  -0.02/ 47% |  -0.04/ 46% |  -0.06/ 47% |  +0.09/ 45% |  +0.06/ 44%
    Q5   [+3.83,+205.82)    2681 |  +0.28/ 49% |  +0.47/ 48% |  +0.60/ 48% |  +0.36/ 44% |  +0.33/ 43%
    净收益（往返成本 0.30%，H48h）：
    档         毛收益      -成本      超额净  说明
    Q1     +0.17%   -0.13%   -0.10%
    Q2     +0.66%   +0.36%   +0.34%  ✅ 覆盖成本
    Q3     -0.07%   -0.37%   -0.35%
    Q4     +0.29%   -0.01%   +0.06%
    Q5     +0.55%   +0.25%   +0.33%  ✅ 覆盖成本
完成。
