[TASK] 任务已提交: S1-S8 八象限场景回测 12h（360天）
[TASK] CMD: /usr/local/bin/python3.11 -u /app/scripts/bin/research_cg_s1s8_backtest.py --interval 12h
[TASK] 开始执行，cwd=/app/scripts
粒度=12h | oi=360993 cvd=358863 | K线币数=529
面板：343758 行 / 515 币（VOL↑ 桶 172343）
=== S1-S8 八象限回测（12h，n 桶） ===
  场景    P OI CVD       n | H12h | H24h | H48h | H72h | H96h
  S1    ↑  ↑  ↑   24421 |  +0.09/ 45% |  +0.04/ 44% |  -0.02/ 44% |  -0.15/ 42% |  -0.14/ 41%
  S2    ↑  ↑  ↓   33823 |  +0.05/ 44% |  -0.01/ 43% |  -0.04/ 43% |  -0.30/ 41% |  -0.32/ 40%
  S3    ↓  ↑  ↓   15900 |  -0.17/ 46% |  -0.22/ 45% |  -0.50/ 43% |  -0.53/ 43% |  -0.65/ 42%
  S4    ↓  ↑  ↑    5158 |  -0.01/ 46% |  +0.08/ 47% |  -0.11/ 46% |  +0.14/ 45% |  +0.03/ 44%
  S5    ↑  ↓  ↑    6944 |  +0.01/ 46% |  -0.01/ 44% |  -0.01/ 44% |  +0.06/ 43% |  -0.34/ 41%
  S6    ↑  ↓  ↓   16103 |  -0.08/ 45% |  -0.11/ 43% |  +0.05/ 43% |  -0.05/ 43% |  -0.36/ 42%
  S7    ↓  ↓  ↓   58891 |  -0.03/ 47% |  -0.07/ 46% |  -0.11/ 45% |  -0.20/ 44% |  -0.32/ 43%
  S8    ↓  ↓  ↑   11103 |  -0.07/ 46% |  -0.01/ 46% |  -0.02/ 46% |  +0.17/ 45% |  +0.07/ 44%
  基线(VOL↑全样本)   172343 |  -0.02/ 46% |  -0.05/ 45% |  -0.09/ 44% |  -0.18/ 43% |  -0.29/ 42%
  —— 场景解读核对（均值收益相对基线的方向） ——
  S1 真实多头进攻     | H12 +0.09% (基线-0.02%) | H96 -0.14% (基线-0.29%) | 解读:多头趋势延续
  S2 诱多（杠杆推动）   | H12 +0.05% (基线-0.02%) | H96 -0.32% (基线-0.29%) | 解读:警惕回调·空头候选
  S3 真实空头       | H12 -0.17% (基线-0.02%) | H96 -0.65% (基线-0.29%) | 解读:空头趋势延续
  S4 诱空（现货承接）   | H12 -0.01% (基线-0.02%) | H96 +0.03% (基线-0.29%) | 解读:存在反弹潜力
  S5 获利了结       | H12 +0.01% (基线-0.02%) | H96 -0.34% (基线-0.29%) | 解读:反弹近尾声
  S6 空头回补       | H12 -0.08% (基线-0.02%) | H96 -0.36% (基线-0.29%) | 解读:修复反弹
  S7 空头止盈·跌势衰竭  | H12 -0.03% (基线-0.02%) | H96 -0.32% (基线-0.29%) | 解读:衰竭信号
  S8 抛压释放·现货承接  | H12 -0.07% (基线-0.02%) | H96 +0.07% (基线-0.29%) | 解读:见底反弹
=== 稳健性：超额(减BTC)（12h） ===
  场景    P OI CVD       n | H12h | H24h | H48h | H72h | H96h
  S1    ↑  ↑  ↑   24421 |  +0.05/ 44% |  +0.02/ 42% |  -0.02/ 42% |  +0.09/ 41% |  +0.13/ 40%
  S2    ↑  ↑  ↓   33823 |  +0.03/ 43% |  +0.00/ 41% |  +0.00/ 41% |  -0.10/ 40% |  -0.05/ 39%
  S3    ↓  ↑  ↓   15900 |  -0.15/ 45% |  -0.15/ 44% |  -0.30/ 42% |  -0.25/ 41% |  -0.29/ 40%
  S4    ↓  ↑  ↑    5158 |  +0.02/ 44% |  +0.16/ 45% |  +0.15/ 43% |  +0.37/ 43% |  +0.49/ 43%
  S5    ↑  ↓  ↑    6944 |  +0.04/ 45% |  +0.03/ 43% |  +0.10/ 43% |  +0.27/ 42% |  +0.05/ 41%
  S6    ↑  ↓  ↓   16103 |  -0.06/ 43% |  -0.03/ 42% |  +0.13/ 42% |  +0.04/ 41% |  -0.05/ 41%
  S7    ↓  ↓  ↓   58891 |  +0.03/ 46% |  +0.06/ 46% |  +0.04/ 44% |  -0.03/ 42% |  -0.02/ 41%
  S8    ↓  ↓  ↑   11103 |  -0.00/ 46% |  +0.08/ 45% |  +0.14/ 44% |  +0.27/ 43% |  +0.34/ 42%
  基线(VOL↑全样本)   172343 |  +0.01/ 45% |  +0.02/ 44% |  +0.01/ 42% |  +0.00/ 41% |  +0.01/ 41%
  —— 场景解读核对（均值收益相对基线的方向） ——
  S1 真实多头进攻     | H12 +0.05% (基线+0.01%) | H96 +0.13% (基线+0.01%) | 解读:多头趋势延续
  S2 诱多（杠杆推动）   | H12 +0.03% (基线+0.01%) | H96 -0.05% (基线+0.01%) | 解读:警惕回调·空头候选
  S3 真实空头       | H12 -0.15% (基线+0.01%) | H96 -0.29% (基线+0.01%) | 解读:空头趋势延续
  S4 诱空（现货承接）   | H12 +0.02% (基线+0.01%) | H96 +0.49% (基线+0.01%) | 解读:存在反弹潜力
  S5 获利了结       | H12 +0.04% (基线+0.01%) | H96 +0.05% (基线+0.01%) | 解读:反弹近尾声
  S6 空头回补       | H12 -0.06% (基线+0.01%) | H96 -0.05% (基线+0.01%) | 解读:修复反弹
  S7 空头止盈·跌势衰竭  | H12 +0.03% (基线+0.01%) | H96 -0.02% (基线+0.01%) | 解读:衰竭信号
  S8 抛压释放·现货承接  | H12 -0.00% (基线+0.01%) | H96 +0.34% (基线+0.01%) | 解读:见底反弹
完成。
