[TASK] 任务已提交: S1-S8 八象限场景回测 12h（360天）
[TASK] CMD: /usr/local/bin/python3.11 -u /app/scripts/bin/research_cg_s1s8_backtest.py --interval 12h
[TASK] 开始执行，cwd=/app/scripts
粒度=12h | oi=360993 cvd=358863 | K线币数=529
面板：343769 行 / 515 币（VOL↑ 桶 172347）
=== S1-S8 八象限回测（12h，n 桶） ===
  场景    P OI CVD VOL       n | H12h | H24h | H48h | H72h | H96h
  S1    ↑  ↑  ↑  ↑   24422 |  +0.09/ 45% |  +0.04/ 44% |  -0.02/ 44% |  -0.15/ 42% |  -0.14/ 41%
  S1    ↑  ↑  ↑  ↓   24707 |  +0.16/ 47% |  +0.18/ 46% |  +0.35/ 47% |  +0.23/ 44% |  +0.49/ 45%
  S2    ↑  ↑  ↓  ↑   33824 |  +0.05/ 44% |  -0.01/ 43% |  -0.04/ 43% |  -0.30/ 41% |  -0.32/ 40%
  S2    ↑  ↑  ↓  ↓   28010 |  +0.10/ 47% |  +0.17/ 46% |  +0.30/ 46% |  +0.23/ 44% |  +0.40/ 44%
  S3    ↓  ↑  ↓  ↑   15900 |  -0.17/ 46% |  -0.22/ 45% |  -0.50/ 43% |  -0.53/ 43% |  -0.65/ 42%
  S3    ↓  ↑  ↓  ↓   17692 |  -0.01/ 48% |  +0.03/ 47% |  -0.12/ 46% |  -0.01/ 45% |  +0.04/ 45%
  S4    ↓  ↑  ↑  ↑    5158 |  -0.01/ 46% |  +0.08/ 47% |  -0.11/ 46% |  +0.14/ 45% |  +0.03/ 44%
  S4    ↓  ↑  ↑  ↓    8441 |  +0.05/ 48% |  -0.03/ 46% |  -0.05/ 46% |  +0.12/ 45% |  +0.07/ 45%
  S5    ↑  ↓  ↑  ↑    6944 |  +0.01/ 46% |  -0.01/ 44% |  -0.01/ 44% |  +0.06/ 43% |  -0.34/ 41%
  S5    ↑  ↓  ↑  ↓    9864 |  -0.06/ 45% |  -0.04/ 44% |  +0.08/ 46% |  +0.04/ 46% |  +0.09/ 45%
  S6    ↑  ↓  ↓  ↑   16103 |  -0.08/ 45% |  -0.11/ 43% |  +0.05/ 43% |  -0.05/ 43% |  -0.36/ 42%
  S6    ↑  ↓  ↓  ↓   15934 |  -0.02/ 46% |  -0.02/ 45% |  +0.05/ 45% |  +0.02/ 44% |  +0.18/ 44%
  S7    ↓  ↓  ↓  ↑   58893 |  -0.03/ 47% |  -0.07/ 46% |  -0.11/ 45% |  -0.20/ 44% |  -0.32/ 43%
  S7    ↓  ↓  ↓  ↓   51073 |  -0.00/ 48% |  +0.06/ 48% |  +0.14/ 47% |  +0.35/ 47% |  +0.41/ 47%
  S8    ↓  ↓  ↑  ↑   11103 |  -0.07/ 46% |  -0.01/ 46% |  -0.02/ 46% |  +0.17/ 45% |  +0.07/ 44%
  S8    ↓  ↓  ↑  ↓   15701 |  +0.04/ 48% |  +0.16/ 48% |  +0.23/ 47% |  +0.62/ 48% |  +0.76/ 48%
  基线·放量VOL↑       172347 |  -0.02/ 46% |  -0.05/ 45% |  -0.09/ 44% |  -0.18/ 43% |  -0.29/ 42%
  基线·缩量VOL↓       171422 |  +0.04/ 47% |  +0.08/ 47% |  +0.15/ 46% |  +0.24/ 46% |  +0.35/ 46%
  基线·全样本          343769 |  +0.01/ 46% |  +0.02/ 46% |  +0.03/ 45% |  +0.03/ 44% |  +0.03/ 44%
  —— VOL 分列差异核对（H96h 均值收益 %） ——
  S1 真实多头进攻     | 放量 -0.14  缩量 +0.49  (Δ-0.63)
  S2 诱多（杠杆推动）   | 放量 -0.32  缩量 +0.40  (Δ-0.72)
  S3 真实空头       | 放量 -0.65  缩量 +0.04  (Δ-0.69)
  S4 诱空（现货承接）   | 放量 +0.03  缩量 +0.07  (Δ-0.04)
  S5 获利了结       | 放量 -0.34  缩量 +0.09  (Δ-0.44)
  S6 空头回补       | 放量 -0.36  缩量 +0.18  (Δ-0.54)
  S7 空头止盈·跌势衰竭  | 放量 -0.32  缩量 +0.41  (Δ-0.72)
  S8 抛压释放·现货承接  | 放量 +0.07  缩量 +0.76  (Δ-0.69)
=== 稳健性：超额(减BTC)（12h） ===
  场景    P OI CVD VOL       n | H12h | H24h | H48h | H72h | H96h
  S1    ↑  ↑  ↑  ↑   24422 |  +0.05/ 44% |  +0.02/ 42% |  -0.02/ 42% |  +0.09/ 41% |  +0.13/ 40%
  S1    ↑  ↑  ↑  ↓   24707 |  +0.16/ 46% |  +0.19/ 44% |  +0.35/ 44% |  +0.44/ 43% |  +0.58/ 43%
  S2    ↑  ↑  ↓  ↑   33824 |  +0.03/ 43% |  +0.00/ 41% |  +0.00/ 41% |  -0.10/ 40% |  -0.05/ 39%
  S2    ↑  ↑  ↓  ↓   28010 |  +0.10/ 45% |  +0.16/ 44% |  +0.32/ 43% |  +0.43/ 43% |  +0.51/ 42%
  S3    ↓  ↑  ↓  ↑   15900 |  -0.15/ 45% |  -0.15/ 44% |  -0.30/ 42% |  -0.25/ 41% |  -0.29/ 40%
  S3    ↓  ↑  ↓  ↓   17692 |  -0.03/ 45% |  -0.01/ 44% |  -0.04/ 43% |  +0.02/ 42% |  +0.03/ 42%
  S4    ↓  ↑  ↑  ↑    5158 |  +0.02/ 44% |  +0.16/ 45% |  +0.15/ 43% |  +0.37/ 43% |  +0.49/ 43%
  S4    ↓  ↑  ↑  ↓    8441 |  +0.01/ 46% |  -0.07/ 43% |  -0.01/ 42% |  +0.12/ 42% |  +0.11/ 41%
  S5    ↑  ↓  ↑  ↑    6944 |  +0.04/ 45% |  +0.03/ 43% |  +0.10/ 43% |  +0.27/ 42% |  +0.05/ 41%
  S5    ↑  ↓  ↑  ↓    9864 |  +0.04/ 44% |  +0.08/ 44% |  +0.24/ 44% |  +0.25/ 43% |  +0.31/ 43%
  S6    ↑  ↓  ↓  ↑   16103 |  -0.06/ 43% |  -0.03/ 42% |  +0.13/ 42% |  +0.04/ 41% |  -0.05/ 41%
  S6    ↑  ↓  ↓  ↓   15934 |  +0.06/ 44% |  +0.06/ 44% |  +0.23/ 44% |  +0.23/ 43% |  +0.39/ 42%
  S7    ↓  ↓  ↓  ↑   58893 |  +0.03/ 46% |  +0.06/ 46% |  +0.04/ 44% |  -0.03/ 42% |  -0.02/ 41%
  S7    ↓  ↓  ↓  ↓   51073 |  +0.06/ 47% |  +0.13/ 47% |  +0.22/ 44% |  +0.30/ 44% |  +0.35/ 44%
  S8    ↓  ↓  ↑  ↑   11103 |  -0.00/ 46% |  +0.08/ 45% |  +0.14/ 44% |  +0.27/ 43% |  +0.34/ 42%
  S8    ↓  ↓  ↑  ↓   15701 |  +0.08/ 47% |  +0.16/ 46% |  +0.25/ 44% |  +0.46/ 44% |  +0.60/ 44%
  基线·放量VOL↑       172347 |  +0.01/ 45% |  +0.02/ 44% |  +0.01/ 42% |  +0.00/ 41% |  +0.01/ 41%
  基线·缩量VOL↓       171422 |  +0.07/ 46% |  +0.11/ 45% |  +0.22/ 44% |  +0.31/ 43% |  +0.39/ 43%
  基线·全样本          343769 |  +0.04/ 45% |  +0.07/ 44% |  +0.12/ 43% |  +0.16/ 42% |  +0.20/ 42%
  —— VOL 分列差异核对（H96h 均值收益 %） ——
  S1 真实多头进攻     | 放量 +0.13  缩量 +0.58  (Δ-0.45)
  S2 诱多（杠杆推动）   | 放量 -0.05  缩量 +0.51  (Δ-0.56)
  S3 真实空头       | 放量 -0.29  缩量 +0.03  (Δ-0.32)
  S4 诱空（现货承接）   | 放量 +0.49  缩量 +0.11  (Δ+0.39)
  S5 获利了结       | 放量 +0.05  缩量 +0.31  (Δ-0.26)
  S6 空头回补       | 放量 -0.05  缩量 +0.39  (Δ-0.43)
  S7 空头止盈·跌势衰竭  | 放量 -0.02  缩量 +0.35  (Δ-0.37)
  S8 抛压释放·现货承接  | 放量 +0.34  缩量 +0.60  (Δ-0.26)
完成。
