[TASK] 任务已提交: S1-S8 八象限场景回测 4h（180天）
[TASK] CMD: /usr/local/bin/python3.11 -u /app/scripts/bin/research_cg_s1s8_backtest.py --interval 4h
[TASK] 开始执行，cwd=/app/scripts
粒度=4h | oi=561897 cvd=560328 | K线币数=529
面板：526640 行 / 506 币（VOL↑ 桶 264267）
=== S1-S8 八象限回测（4h，n 桶） ===
  场景    P OI CVD VOL       n | H4h | H8h | H12h | H24h | H48h
  S1    ↑  ↑  ↑  ↑   45220 |  +0.01/ 45% |  -0.00/ 45% |  +0.10/ 45% |  +0.16/ 45% |  +0.35/ 46%
  S1    ↑  ↑  ↑  ↓   45632 |  +0.09/ 47% |  +0.19/ 48% |  +0.22/ 48% |  +0.42/ 48% |  +0.85/ 49%
  S2    ↑  ↑  ↓  ↑   42069 |  -0.04/ 44% |  -0.01/ 44% |  +0.02/ 44% |  +0.16/ 44% |  +0.34/ 45%
  S2    ↑  ↑  ↓  ↓   35573 |  +0.07/ 47% |  +0.17/ 48% |  +0.20/ 48% |  +0.39/ 48% |  +0.78/ 49%
  S3    ↓  ↑  ↓  ↑   24300 |  -0.00/ 49% |  +0.01/ 47% |  +0.10/ 48% |  +0.12/ 48% |  +0.32/ 47%
  S3    ↓  ↑  ↓  ↓   23686 |  +0.06/ 50% |  +0.11/ 49% |  +0.22/ 51% |  +0.49/ 51% |  +0.89/ 51%
  S4    ↓  ↑  ↑  ↑   13405 |  +0.05/ 49% |  +0.09/ 47% |  +0.20/ 49% |  +0.28/ 49% |  +0.32/ 48%
  S4    ↓  ↑  ↑  ↓   18732 |  +0.04/ 49% |  +0.16/ 50% |  +0.28/ 51% |  +0.55/ 52% |  +0.95/ 52%
  S5    ↑  ↓  ↑  ↑   12306 |  +0.01/ 46% |  -0.00/ 45% |  +0.02/ 46% |  +0.06/ 45% |  +0.57/ 46%
  S5    ↑  ↓  ↑  ↓   17902 |  +0.08/ 47% |  +0.13/ 48% |  +0.16/ 48% |  +0.34/ 48% |  +0.81/ 49%
  S6    ↑  ↓  ↓  ↑   27268 |  +0.02/ 46% |  +0.05/ 47% |  +0.01/ 46% |  +0.07/ 46% |  +0.42/ 47%
  S6    ↑  ↓  ↓  ↓   26795 |  +0.07/ 48% |  +0.14/ 49% |  +0.17/ 48% |  +0.40/ 49% |  +0.86/ 49%
  S7    ↓  ↓  ↓  ↑   82126 |  +0.06/ 49% |  +0.08/ 49% |  +0.08/ 48% |  +0.18/ 49% |  +0.19/ 47%
  S7    ↓  ↓  ↓  ↓   66962 |  +0.08/ 51% |  +0.14/ 50% |  +0.21/ 51% |  +0.37/ 50% |  +0.67/ 49%
  S8    ↓  ↓  ↑  ↑   17573 |  +0.03/ 49% |  +0.06/ 49% |  +0.03/ 48% |  +0.08/ 49% |  +0.21/ 48%
  S8    ↓  ↓  ↑  ↓   27091 |  +0.08/ 50% |  +0.15/ 50% |  +0.21/ 51% |  +0.34/ 50% |  +0.68/ 50%
  基线·放量VOL↑       264267 |  +0.02/ 47% |  +0.04/ 47% |  +0.07/ 47% |  +0.15/ 47% |  +0.30/ 46%
  基线·缩量VOL↓       262373 |  +0.07/ 49% |  +0.15/ 49% |  +0.21/ 49% |  +0.40/ 50% |  +0.79/ 50%
  基线·全样本          526640 |  +0.05/ 48% |  +0.09/ 48% |  +0.14/ 48% |  +0.28/ 48% |  +0.54/ 48%
  —— VOL 分列差异核对（H48h 均值收益 %） ——
  S1 真实多头进攻     | 放量 +0.35  缩量 +0.85  (Δ-0.50)
  S2 诱多（杠杆推动）   | 放量 +0.34  缩量 +0.78  (Δ-0.44)
  S3 真实空头       | 放量 +0.32  缩量 +0.89  (Δ-0.57)
  S4 诱空（现货承接）   | 放量 +0.32  缩量 +0.95  (Δ-0.63)
  S5 获利了结       | 放量 +0.57  缩量 +0.81  (Δ-0.25)
  S6 空头回补       | 放量 +0.42  缩量 +0.86  (Δ-0.43)
  S7 空头止盈·跌势衰竭  | 放量 +0.19  缩量 +0.67  (Δ-0.48)
  S8 抛压释放·现货承接  | 放量 +0.21  缩量 +0.68  (Δ-0.47)
=== 稳健性：超额(减BTC)（4h） ===
  场景    P OI CVD VOL       n | H4h | H8h | H12h | H24h | H48h
  S1    ↑  ↑  ↑  ↑   45220 |  -0.00/ 44% |  -0.04/ 43% |  +0.03/ 43% |  +0.03/ 42% |  +0.10/ 43%
  S1    ↑  ↑  ↑  ↓   45632 |  +0.06/ 46% |  +0.11/ 46% |  +0.16/ 46% |  +0.28/ 45% |  +0.56/ 46%
  S2    ↑  ↑  ↓  ↑   42069 |  -0.06/ 44% |  -0.07/ 43% |  -0.06/ 42% |  +0.00/ 41% |  +0.05/ 42%
  S2    ↑  ↑  ↓  ↓   35573 |  +0.03/ 45% |  +0.09/ 45% |  +0.13/ 45% |  +0.23/ 44% |  +0.47/ 45%
  S3    ↓  ↑  ↓  ↑   24300 |  -0.02/ 47% |  -0.00/ 46% |  +0.02/ 46% |  +0.01/ 45% |  +0.09/ 44%
  S3    ↓  ↑  ↓  ↓   23686 |  +0.05/ 48% |  +0.08/ 48% |  +0.13/ 47% |  +0.30/ 47% |  +0.52/ 46%
  S4    ↓  ↑  ↑  ↑   13405 |  +0.02/ 47% |  +0.07/ 46% |  +0.10/ 46% |  +0.13/ 45% |  +0.06/ 44%
  S4    ↓  ↑  ↑  ↓   18732 |  +0.04/ 48% |  +0.15/ 49% |  +0.19/ 48% |  +0.35/ 47% |  +0.58/ 47%
  S5    ↑  ↓  ↑  ↑   12306 |  +0.00/ 45% |  -0.03/ 44% |  -0.01/ 44% |  -0.02/ 43% |  +0.33/ 44%
  S5    ↑  ↓  ↑  ↓   17902 |  +0.07/ 46% |  +0.10/ 46% |  +0.14/ 46% |  +0.21/ 45% |  +0.58/ 46%
  S6    ↑  ↓  ↓  ↑   27268 |  -0.01/ 46% |  -0.00/ 45% |  -0.03/ 45% |  -0.01/ 44% |  +0.20/ 44%
  S6    ↑  ↓  ↓  ↓   26795 |  +0.06/ 46% |  +0.09/ 47% |  +0.15/ 47% |  +0.27/ 46% |  +0.62/ 46%
  S7    ↓  ↓  ↓  ↑   82126 |  +0.03/ 48% |  +0.06/ 48% |  +0.05/ 47% |  +0.15/ 47% |  +0.11/ 44%
  S7    ↓  ↓  ↓  ↓   66962 |  +0.08/ 50% |  +0.11/ 48% |  +0.17/ 48% |  +0.28/ 47% |  +0.48/ 46%
  S8    ↓  ↓  ↑  ↑   17573 |  -0.01/ 48% |  +0.03/ 47% |  -0.04/ 46% |  +0.01/ 46% |  +0.07/ 45%
  S8    ↓  ↓  ↑  ↓   27091 |  +0.07/ 49% |  +0.13/ 49% |  +0.16/ 48% |  +0.26/ 47% |  +0.46/ 46%
  基线·放量VOL↑       264267 |  -0.00/ 46% |  +0.01/ 45% |  +0.01/ 45% |  +0.06/ 44% |  +0.11/ 44%
  基线·缩量VOL↓       262373 |  +0.06/ 47% |  +0.11/ 47% |  +0.15/ 47% |  +0.27/ 46% |  +0.52/ 46%
  基线·全样本          526640 |  +0.03/ 47% |  +0.06/ 46% |  +0.08/ 46% |  +0.16/ 45% |  +0.32/ 45%
  —— VOL 分列差异核对（H48h 均值收益 %） ——
  S1 真实多头进攻     | 放量 +0.10  缩量 +0.56  (Δ-0.46)
  S2 诱多（杠杆推动）   | 放量 +0.05  缩量 +0.47  (Δ-0.42)
  S3 真实空头       | 放量 +0.09  缩量 +0.52  (Δ-0.43)
  S4 诱空（现货承接）   | 放量 +0.06  缩量 +0.58  (Δ-0.52)
  S5 获利了结       | 放量 +0.33  缩量 +0.58  (Δ-0.25)
  S6 空头回补       | 放量 +0.20  缩量 +0.62  (Δ-0.42)
  S7 空头止盈·跌势衰竭  | 放量 +0.11  缩量 +0.48  (Δ-0.37)
  S8 抛压释放·现货承接  | 放量 +0.07  缩量 +0.46  (Δ-0.39)
完成。
