[TASK] 任务已提交: 深度缩量×OI×价格方向 组合回测 12h
[TASK] CMD: /usr/local/bin/python3.11 -u /app/scripts/bin/research_cg_vol_deep_combo.py --interval 12h
[TASK] 开始执行，cwd=/app/scripts
粒度=12h | 面板 343780 行 / 515 币
深度缩量阈值 VOL_ratio<0.3，成本 0.3%，最远窗 H96h
  基线 n=343780  深缩 13485  OI增 158160  OI降 185620  涨后 159813  跌后 183967
=== 1) 深度缩量 × OI 方向 ===
  深缩+OI增 = 无成交杠杆堆积 | 深缩+OI降 = 平仓出清
  深缩 + OI 增                    n=   6217  超额  +1.39%  胜率  43%  净  +1.09%  ✅
  深缩 + OI 降                    n=   7268  超额  +1.00%  胜率  45%  净  +0.70%  ✅
  非深缩 + OI 增                   n= 151943  超额  +0.13%  胜率  41%  净  -0.17%  ❌
  非深缩 + OI 降                   n= 178352  超额  +0.18%  胜率  42%  净  -0.12%  ❌
=== 2) 深度缩量 × 价格方向 ===
  跌后缩量 = 抛压耗尽 | 涨后缩量 = 上涨缩量/假突破
  深缩 + 涨后                      n=   5997  超额  +1.70%  胜率  43%  净  +1.40%  ✅
  深缩 + 跌后                      n=   7488  超额  +0.77%  胜率  44%  净  +0.47%  ✅
  非深缩 + 涨后                     n= 153816  超额  +0.19%  胜率  41%  净  -0.11%  ❌
  非深缩 + 跌后                     n= 176479  超额  +0.13%  胜率  42%  净  -0.17%  ❌
=== 3) 三维 8 组（深缩/非深缩 × OI × P） ===
  深缩+OI增+涨后                    n=   4048  超额  +2.10%  胜率  43%  净  +1.80%  ✅
  深缩+OI增+跌后                    n=   2169  超额  +0.07%  胜率  42%  净  -0.23%  ❌
  深缩+OI降+涨后                    n=   1949  超额  +0.86%  胜率  43%  净  +0.56%  ✅
  深缩+OI降+跌后                    n=   5319  超额  +1.05%  胜率  45%  净  +0.75%  ✅
  非深缩+OI增+涨后                   n= 106919  超额  +0.20%  胜率  41%  净  -0.10%  ❌
  非深缩+OI增+跌后                   n=  45024  超额  -0.02%  胜率  41%  净  -0.32%  ❌
  非深缩+OI降+涨后                   n=  46897  超额  +0.15%  胜率  42%  净  -0.15%  ❌
  非深缩+OI降+跌后                   n= 131455  超额  +0.19%  胜率  43%  净  -0.11%  ❌
完成。
