[TASK] 任务已提交: 盘面因子相关性投研 12h（360天）
[TASK] CMD: /usr/local/bin/python3.11 -u /app/scripts/bin/research_cg_factor_corr.py --interval 12h --ratio-type top_position
[TASK] 开始执行，cwd=/app/scripts
粒度=12h | cvd=358863 lsr(top_position)=358089 oi=360993 basis=246436 liq_agg=342666 | K线币数=529
########## cvd_net_ratio ↔ 价格（12h，513 币） ##########
=== 1. 面板相关：cvd_net_ratio 12h ===
  同期(T~T+12h)      n=343679 ρ=+0.194 (t=+116.09)
  前瞻 T+12h         n=343679 ρ=+0.004 (t=+2.32)
  前瞻 T+24h         n=343679 ρ=+0.002 (t=+1.39)
  前瞻 T+48h         n=343679 ρ=+0.002 (t=+1.26)
  前瞻 T+72h         n=343679 ρ=+0.003 (t=+1.72)
  前瞻 T+96h         n=343679 ρ=+0.003 (t=+1.96)
=== 2. 资产内时序相关（cvd_net_ratio 12h） ===
  口径                 资产数 | 平均ρ | 中位ρ | ρ>0占比 | t
  同期(T~T+12h)        513  | +0.251  | +0.242  |  100%   | +59.07
  前瞻 T+12h           513  | +0.007  | +0.004  |   58%   | +4.16
  前瞻 T+24h           513  | +0.002  | +0.003  |   54%   | +1.06
  前瞻 T+48h           513  | +0.001  | +0.003  |   52%   | +0.31
  前瞻 T+72h           513  | -0.002  | -0.002  |   48%   | -1.09
  前瞻 T+96h           513  | -0.004  | -0.003  |   49%   | -1.68
=== 3. cvd_net_ratio 12h 分位 5 桶 ===
  桶    因子分位           n | H12h | H24h | H48h | H72h | H96h
  Q1   [0%,20%)  68735 |  +0.01/ 47% |  +0.05/ 47% |  +0.12/ 46% |  +0.15/ 46% |  +0.19/ 45%
  Q2   [20%,40%)  68736 |  -0.00/ 47% |  -0.01/ 46% |  +0.01/ 45% |  -0.04/ 44% |  -0.06/ 43%
  Q3   [40%,60%)  68736 |  -0.01/ 46% |  -0.04/ 45% |  -0.10/ 45% |  -0.16/ 44% |  -0.17/ 43%
  Q4   [60%,80%)  68736 |  -0.00/ 46% |  +0.00/ 45% |  -0.05/ 44% |  -0.06/ 43% |  -0.14/ 43%
  Q5   [80%,100%)  68736 |  +0.09/ 47% |  +0.12/ 46% |  +0.22/ 46% |  +0.30/ 45% |  +0.42/ 45%
  基线  [全样本]  343679 |  +0.02/ 46% |  +0.03/ 46% |  +0.04/ 45% |  +0.04/ 44% |  +0.05/ 44%
=== 4. 稳健性：超额(减BTC)面板（cvd_net_ratio 12h） ===
  同期(T~T+12h)      n=343679 ρ=+0.194 (t=+115.85)
  前瞻 T+12h         n=343679 ρ=+0.002 (t=+1.37)
  前瞻 T+24h         n=343679 ρ=+0.000 (t=+0.29)
  前瞻 T+48h         n=343679 ρ=+0.002 (t=+1.06)
  前瞻 T+72h         n=343679 ρ=+0.005 (t=+3.16)
  前瞻 T+96h         n=343679 ρ=+0.005 (t=+3.17)
=== 5. 稳健性：超额(减BTC)资产内（cvd_net_ratio 12h） ===
  口径                 资产数 | 平均ρ | 中位ρ | ρ>0占比 | t
  同期(T~T+12h)        513  | +0.251  | +0.242  |  100%   | +58.68
  前瞻 T+12h           513  | +0.005  | +0.004  |   56%   | +2.91
  前瞻 T+24h           513  | -0.001  | -0.000  |   50%   | -0.43
  前瞻 T+48h           513  | +0.001  | +0.002  |   51%   | +0.34
  前瞻 T+72h           513  | +0.002  | +0.002  |   52%   | +1.13
  前瞻 T+96h           513  | +0.000  | +0.000  |   50%   | +0.16
########## lsr_top_position ↔ 价格（12h，512 币） ##########
=== 6. 面板相关：lsr_top_position 12h ===
  同期(T~T+12h)      n=342956 ρ=+0.004 (t=+2.11)
  前瞻 T+12h         n=342956 ρ=+0.003 (t=+1.61)
  前瞻 T+24h         n=342956 ρ=+0.003 (t=+1.87)
  前瞻 T+48h         n=342956 ρ=+0.004 (t=+2.36)
  前瞻 T+72h         n=342956 ρ=+0.006 (t=+3.33)
  前瞻 T+96h         n=342956 ρ=+0.007 (t=+3.81)
=== 7. 资产内时序相关（lsr_top_position 12h） ===
  口径                 资产数 | 平均ρ | 中位ρ | ρ>0占比 | t
  同期(T~T+12h)        512  | +0.006  | +0.006  |   55%   | +2.61
  前瞻 T+12h           512  | +0.004  | +0.003  |   53%   | +1.94
  前瞻 T+24h           512  | +0.004  | +0.002  |   52%   | +1.53
  前瞻 T+48h           512  | +0.005  | +0.006  |   53%   | +1.27
  前瞻 T+72h           512  | +0.007  | +0.007  |   54%   | +1.65
  前瞻 T+96h           512  | +0.009  | +0.007  |   53%   | +1.81
=== 8. lsr_top_position 12h 分位 5 桶 ===
  桶    因子分位           n | H12h | H24h | H48h | H72h | H96h
  Q1   [0%,20%)  67300 |  -0.02/ 46% |  -0.03/ 46% |  -0.04/ 46% |  -0.13/ 44% |  -0.21/ 44%
  Q2   [20%,40%)  69082 |  +0.01/ 46% |  +0.01/ 46% |  +0.00/ 45% |  +0.01/ 44% |  +0.03/ 43%
  Q3   [40%,60%)  68237 |  +0.03/ 47% |  +0.05/ 46% |  +0.06/ 45% |  +0.07/ 44% |  +0.14/ 44%
  Q4   [60%,80%)  69304 |  +0.03/ 46% |  +0.05/ 46% |  +0.04/ 45% |  +0.07/ 44% |  +0.05/ 44%
  Q5   [80%,100%)  69033 |  +0.03/ 47% |  +0.05/ 46% |  +0.12/ 46% |  +0.16/ 45% |  +0.22/ 45%
  基线  [全样本]  342956 |  +0.02/ 46% |  +0.03/ 46% |  +0.04/ 45% |  +0.04/ 44% |  +0.05/ 44%
=== 9. 稳健性：超额(减BTC)面板（lsr_top_position 12h） ===
  同期(T~T+12h)      n=342956 ρ=+0.004 (t=+2.07)
  前瞻 T+12h         n=342956 ρ=+0.003 (t=+1.72)
  前瞻 T+24h         n=342956 ρ=+0.003 (t=+2.02)
  前瞻 T+48h         n=342956 ρ=+0.004 (t=+2.12)
  前瞻 T+72h         n=342956 ρ=+0.005 (t=+2.65)
  前瞻 T+96h         n=342956 ρ=+0.005 (t=+2.99)
=== 10. 稳健性：超额(减BTC)资产内（lsr_top_position 12h） ===
  口径                 资产数 | 平均ρ | 中位ρ | ρ>0占比 | t
  同期(T~T+12h)        512  | +0.005  | +0.006  |   55%   | +2.50
  前瞻 T+12h           512  | +0.006  | +0.005  |   55%   | +3.07
  前瞻 T+24h           512  | +0.007  | +0.006  |   53%   | +2.79
  前瞻 T+48h           512  | +0.007  | +0.008  |   55%   | +2.07
  前瞻 T+72h           512  | +0.009  | +0.010  |   55%   | +2.13
  前瞻 T+96h           512  | +0.011  | +0.011  |   55%   | +2.32
########## oi_chg_pct ↔ 价格（12h，513 币） ##########
=== 11. 面板相关：oi_chg_pct 12h ===
  同期(T~T+12h)      n=343356 ρ=+0.277 (t=+168.61)
  前瞻 T+12h         n=343356 ρ=-0.001 (t=-0.69)
  前瞻 T+24h         n=343356 ρ=-0.004 (t=-2.41)
  前瞻 T+48h         n=343356 ρ=-0.002 (t=-1.00)
  前瞻 T+72h         n=343356 ρ=-0.001 (t=-0.39)
  前瞻 T+96h         n=343356 ρ=-0.002 (t=-1.43)
=== 12. 资产内时序相关（oi_chg_pct 12h） ===
  口径                 资产数 | 平均ρ | 中位ρ | ρ>0占比 | t
  同期(T~T+12h)        513  | +0.591  | +0.601  |   99%   | +86.63
  前瞻 T+12h           513  | -0.012  | -0.014  |   43%   | -2.59
  前瞻 T+24h           513  | -0.022  | -0.026  |   37%   | -5.15
  前瞻 T+48h           513  | -0.032  | -0.037  |   30%   | -8.84
  前瞻 T+72h           513  | -0.035  | -0.040  |   28%   | -10.23
  前瞻 T+96h           513  | -0.037  | -0.039  |   28%   | -11.69
=== 13. oi_chg_pct 12h 分位 5 桶 ===
  桶    因子分位           n | H12h | H24h | H48h | H72h | H96h
  Q1   [0%,20%)  68671 |  -0.05/ 46% |  -0.05/ 46% |  +0.01/ 45% |  -0.09/ 44% |  -0.15/ 43%
  Q2   [20%,40%)  68671 |  -0.01/ 47% |  +0.00/ 47% |  +0.03/ 46% |  +0.20/ 46% |  +0.15/ 45%
  Q3   [40%,60%)  68671 |  +0.01/ 47% |  +0.04/ 46% |  +0.06/ 46% |  +0.16/ 46% |  +0.19/ 45%
  Q4   [60%,80%)  68671 |  +0.02/ 46% |  +0.03/ 45% |  +0.06/ 45% |  -0.00/ 44% |  +0.05/ 44%
  Q5   [80%,100%)  68672 |  +0.08/ 46% |  +0.05/ 45% |  -0.03/ 44% |  -0.16/ 42% |  -0.08/ 41%
  基线  [全样本]  343356 |  +0.01/ 46% |  +0.02/ 46% |  +0.03/ 45% |  +0.02/ 44% |  +0.03/ 44%
=== 14. 稳健性：超额(减BTC)面板（oi_chg_pct 12h） ===
  同期(T~T+12h)      n=343356 ρ=+0.278 (t=+169.28)
  前瞻 T+12h         n=343356 ρ=-0.002 (t=-1.16)
  前瞻 T+24h         n=343356 ρ=-0.006 (t=-3.60)
  前瞻 T+48h         n=343356 ρ=-0.002 (t=-1.33)
  前瞻 T+72h         n=343356 ρ=-0.000 (t=-0.09)
  前瞻 T+96h         n=343356 ρ=-0.002 (t=-1.41)
=== 15. 稳健性：超额(减BTC)资产内（oi_chg_pct 12h） ===
  口径                 资产数 | 平均ρ | 中位ρ | ρ>0占比 | t
  同期(T~T+12h)        513  | +0.595  | +0.608  |   99%   | +87.49
  前瞻 T+12h           513  | -0.019  | -0.026  |   39%   | -3.91
  前瞻 T+24h           513  | -0.032  | -0.042  |   32%   | -6.94
  前瞻 T+48h           513  | -0.040  | -0.044  |   28%   | -10.16
  前瞻 T+72h           513  | -0.036  | -0.037  |   31%   | -9.88
  前瞻 T+96h           513  | -0.041  | -0.042  |   27%   | -11.84
########## basis_pct ↔ 价格（12h，343 币） ##########
=== 16. 面板相关：basis_pct 12h ===
  同期(T~T+12h)      n=235029 ρ=+0.020 (t=+9.55)
  前瞻 T+12h         n=235029 ρ=-0.003 (t=-1.29)
  前瞻 T+24h         n=235029 ρ=-0.004 (t=-2.03)
  前瞻 T+48h         n=235029 ρ=-0.005 (t=-2.63)
  前瞻 T+72h         n=235029 ρ=-0.005 (t=-2.43)
  前瞻 T+96h         n=235029 ρ=-0.005 (t=-2.41)
=== 17. 资产内时序相关（basis_pct 12h） ===
  口径                 资产数 | 平均ρ | 中位ρ | ρ>0占比 | t
  同期(T~T+12h)        343  | +0.021  | -0.013  |   46%   | +2.62
  前瞻 T+12h           343  | -0.018  | -0.011  |   38%   | -4.78
  前瞻 T+24h           343  | -0.018  | -0.015  |   40%   | -4.32
  前瞻 T+48h           343  | -0.025  | -0.019  |   36%   | -5.15
  前瞻 T+72h           343  | -0.021  | -0.011  |   41%   | -4.40
  前瞻 T+96h           343  | -0.021  | -0.010  |   43%   | -4.32
=== 18. basis_pct 12h 分位 5 桶 ===
  桶    因子分位           n | H12h | H24h | H48h | H72h | H96h
  Q1   [0%,20%)  41541 |  -0.03/ 47% |  -0.08/ 46% |  -0.04/ 46% |  -0.09/ 45% |  -0.24/ 44%
  Q2   [20%,40%)  52448 |  -0.05/ 46% |  -0.13/ 45% |  -0.22/ 44% |  -0.40/ 43% |  -0.51/ 42%
  Q3   [40%,60%)  46986 |  -0.06/ 46% |  -0.09/ 45% |  -0.21/ 45% |  -0.33/ 43% |  -0.47/ 42%
  Q4   [60%,80%)  47038 |  -0.01/ 47% |  -0.03/ 46% |  -0.15/ 45% |  -0.21/ 44% |  -0.25/ 44%
  Q5   [80%,100%)  47016 |  -0.06/ 45% |  -0.11/ 45% |  -0.23/ 45% |  -0.30/ 44% |  -0.31/ 43%
  基线  [全样本]  235029 |  -0.04/ 46% |  -0.09/ 45% |  -0.18/ 45% |  -0.27/ 44% |  -0.36/ 43%
=== 19. 稳健性：超额(减BTC)面板（basis_pct 12h） ===
  同期(T~T+12h)      n=235029 ρ=+0.020 (t=+9.56)
  前瞻 T+12h         n=235029 ρ=-0.002 (t=-1.07)
  前瞻 T+24h         n=235029 ρ=-0.003 (t=-1.65)
  前瞻 T+48h         n=235029 ρ=-0.004 (t=-2.02)
  前瞻 T+72h         n=235029 ρ=-0.003 (t=-1.66)
  前瞻 T+96h         n=235029 ρ=-0.003 (t=-1.49)
=== 20. 稳健性：超额(减BTC)资产内（basis_pct 12h） ===
  口径                 资产数 | 平均ρ | 中位ρ | ρ>0占比 | t
  同期(T~T+12h)        343  | +0.022  | -0.011  |   45%   | +2.74
  前瞻 T+12h           343  | -0.022  | -0.016  |   37%   | -5.58
  前瞻 T+24h           343  | -0.021  | -0.019  |   38%   | -4.94
  前瞻 T+48h           343  | -0.028  | -0.025  |   34%   | -5.60
  前瞻 T+72h           343  | -0.027  | -0.019  |   36%   | -5.41
  前瞻 T+96h           343  | -0.029  | -0.018  |   38%   | -5.64
########## liq_asym ↔ 价格（12h，513 币） ##########
=== 21. 面板相关：liq_asym 12h ===
  同期(T~T+12h)      n=327996 ρ=-0.300 (t=-180.20)
  前瞻 T+12h         n=327996 ρ=-0.013 (t=-7.57)
  前瞻 T+24h         n=327996 ρ=-0.013 (t=-7.65)
  前瞻 T+48h         n=327996 ρ=-0.012 (t=-6.63)
  前瞻 T+72h         n=327996 ρ=-0.004 (t=-2.36)
  前瞻 T+96h         n=327996 ρ=-0.006 (t=-3.18)
=== 22. 资产内时序相关（liq_asym 12h） ===
  口径                 资产数 | 平均ρ | 中位ρ | ρ>0占比 | t
  同期(T~T+12h)        513  | -0.368  | -0.349  |    0%   | -84.75
  前瞻 T+12h           513  | -0.011  | -0.013  |   39%   | -6.43
  前瞻 T+24h           513  | -0.007  | -0.009  |   43%   | -3.51
  前瞻 T+48h           513  | -0.002  | -0.004  |   47%   | -0.99
  前瞻 T+72h           513  | +0.013  | +0.014  |   60%   | +5.51
  前瞻 T+96h           513  | +0.014  | +0.017  |   63%   | +6.05
=== 23. liq_asym 12h 分位 5 桶 ===
  桶    因子分位           n | H12h | H24h | H48h | H72h | H96h
  Q1   [0%,20%)  65599 |  +0.15/ 47% |  +0.21/ 46% |  +0.30/ 46% |  +0.22/ 44% |  +0.36/ 43%
  Q2   [20%,40%)  65599 |  +0.01/ 45% |  +0.00/ 44% |  -0.08/ 43% |  -0.15/ 42% |  -0.27/ 42%
  Q3   [40%,60%)  65599 |  -0.05/ 46% |  -0.08/ 45% |  -0.09/ 45% |  -0.09/ 44% |  -0.20/ 43%
  Q4   [60%,80%)  61370 |  +0.00/ 47% |  -0.01/ 47% |  +0.07/ 47% |  +0.03/ 46% |  +0.01/ 44%
  Q5   [80%,100%)  69829 |  -0.05/ 47% |  -0.04/ 47% |  -0.05/ 46% |  +0.13/ 46% |  +0.23/ 46%
  基线  [全样本]  327996 |  +0.01/ 46% |  +0.02/ 46% |  +0.03/ 45% |  +0.03/ 44% |  +0.03/ 44%
=== 24. 稳健性：超额(减BTC)面板（liq_asym 12h） ===
  同期(T~T+12h)      n=327996 ρ=-0.301 (t=-180.53)
  前瞻 T+12h         n=327996 ρ=-0.007 (t=-3.89)
  前瞻 T+24h         n=327996 ρ=-0.007 (t=-4.09)
  前瞻 T+48h         n=327996 ρ=-0.008 (t=-4.32)
  前瞻 T+72h         n=327996 ρ=-0.008 (t=-4.64)
  前瞻 T+96h         n=327996 ρ=-0.008 (t=-4.74)
=== 25. 稳健性：超额(减BTC)资产内（liq_asym 12h） ===
  口径                 资产数 | 平均ρ | 中位ρ | ρ>0占比 | t
  同期(T~T+12h)        513  | -0.370  | -0.353  |    0%   | -84.15
  前瞻 T+12h           513  | -0.001  | -0.001  |   49%   | -0.83
  前瞻 T+24h           513  | +0.002  | +0.002  |   53%   | +1.07
  前瞻 T+48h           513  | +0.004  | +0.005  |   53%   | +1.80
  前瞻 T+72h           513  | +0.007  | +0.009  |   56%   | +3.14
  前瞻 T+96h           513  | +0.011  | +0.013  |   61%   | +4.51
完成。
