[TASK] 任务已提交: S1-S8 八象限场景回测 4h（180天）
[TASK] CMD: /usr/local/bin/python3.11 -u /app/scripts/bin/research_cg_s1s8_backtest.py --interval 4h
[TASK] 开始执行，cwd=/app/scripts
粒度=4h | oi=561897 cvd=560328 | K线币数=529
面板：526621 行 / 506 币（VOL↑ 桶 264258）
=== S1-S8 八象限回测（4h，n 桶） ===
  场景    P OI CVD       n | H4h | H8h | H12h | H24h | H48h
  S1    ↑  ↑  ↑   45219 |  +0.01/ 45% |  +0.00/ 45% |  +0.10/ 45% |  +0.16/ 45% |  +0.35/ 46%
  S2    ↑  ↑  ↓   42069 |  -0.04/ 44% |  -0.01/ 44% |  +0.02/ 44% |  +0.16/ 44% |  +0.34/ 45%
  S3    ↓  ↑  ↓   24297 |  -0.00/ 49% |  +0.01/ 47% |  +0.10/ 48% |  +0.12/ 48% |  +0.32/ 47%
  S4    ↓  ↑  ↑   13404 |  +0.05/ 49% |  +0.09/ 47% |  +0.20/ 49% |  +0.28/ 49% |  +0.32/ 48%
  S5    ↑  ↓  ↑   12306 |  +0.01/ 46% |  -0.00/ 45% |  +0.02/ 46% |  +0.06/ 45% |  +0.57/ 47%
  S6    ↑  ↓  ↓   27268 |  +0.02/ 46% |  +0.05/ 47% |  +0.01/ 46% |  +0.07/ 46% |  +0.42/ 47%
  S7    ↓  ↓  ↓   82122 |  +0.06/ 49% |  +0.08/ 49% |  +0.08/ 48% |  +0.18/ 49% |  +0.19/ 47%
  S8    ↓  ↓  ↑   17573 |  +0.03/ 49% |  +0.06/ 49% |  +0.03/ 48% |  +0.08/ 49% |  +0.21/ 48%
  基线(VOL↑全样本)   264258 |  +0.02/ 47% |  +0.04/ 47% |  +0.07/ 47% |  +0.15/ 47% |  +0.30/ 46%
  —— 场景解读核对（均值收益相对基线的方向） ——
  S1 真实多头进攻     | H4 +0.01% (基线+0.02%) | H48 +0.35% (基线+0.30%) | 解读:多头趋势延续
  S2 诱多（杠杆推动）   | H4 -0.04% (基线+0.02%) | H48 +0.34% (基线+0.30%) | 解读:警惕回调·空头候选
  S3 真实空头       | H4 -0.00% (基线+0.02%) | H48 +0.32% (基线+0.30%) | 解读:空头趋势延续
  S4 诱空（现货承接）   | H4 +0.05% (基线+0.02%) | H48 +0.32% (基线+0.30%) | 解读:存在反弹潜力
  S5 获利了结       | H4 +0.01% (基线+0.02%) | H48 +0.57% (基线+0.30%) | 解读:反弹近尾声
  S6 空头回补       | H4 +0.02% (基线+0.02%) | H48 +0.42% (基线+0.30%) | 解读:修复反弹
  S7 空头止盈·跌势衰竭  | H4 +0.06% (基线+0.02%) | H48 +0.19% (基线+0.30%) | 解读:衰竭信号
  S8 抛压释放·现货承接  | H4 +0.03% (基线+0.02%) | H48 +0.21% (基线+0.30%) | 解读:见底反弹
=== 稳健性：超额(减BTC)（4h） ===
  场景    P OI CVD       n | H4h | H8h | H12h | H24h | H48h
  S1    ↑  ↑  ↑   45219 |  -0.00/ 44% |  -0.04/ 43% |  +0.03/ 43% |  +0.03/ 42% |  +0.10/ 43%
  S2    ↑  ↑  ↓   42069 |  -0.06/ 44% |  -0.07/ 43% |  -0.06/ 42% |  +0.00/ 41% |  +0.05/ 42%
  S3    ↓  ↑  ↓   24297 |  -0.02/ 47% |  -0.00/ 46% |  +0.02/ 46% |  +0.01/ 45% |  +0.09/ 44%
  S4    ↓  ↑  ↑   13404 |  +0.02/ 47% |  +0.07/ 46% |  +0.10/ 46% |  +0.13/ 45% |  +0.06/ 44%
  S5    ↑  ↓  ↑   12306 |  +0.00/ 45% |  -0.03/ 44% |  -0.01/ 44% |  -0.02/ 43% |  +0.33/ 44%
  S6    ↑  ↓  ↓   27268 |  -0.01/ 46% |  -0.00/ 45% |  -0.03/ 45% |  -0.01/ 44% |  +0.20/ 44%
  S7    ↓  ↓  ↓   82122 |  +0.03/ 48% |  +0.06/ 48% |  +0.05/ 47% |  +0.15/ 47% |  +0.11/ 44%
  S8    ↓  ↓  ↑   17573 |  -0.01/ 48% |  +0.03/ 47% |  -0.04/ 46% |  +0.01/ 46% |  +0.07/ 45%
  基线(VOL↑全样本)   264258 |  -0.00/ 46% |  +0.01/ 45% |  +0.01/ 45% |  +0.06/ 44% |  +0.11/ 44%
  —— 场景解读核对（均值收益相对基线的方向） ——
  S1 真实多头进攻     | H4 -0.00% (基线-0.00%) | H48 +0.10% (基线+0.11%) | 解读:多头趋势延续
  S2 诱多（杠杆推动）   | H4 -0.06% (基线-0.00%) | H48 +0.05% (基线+0.11%) | 解读:警惕回调·空头候选
  S3 真实空头       | H4 -0.02% (基线-0.00%) | H48 +0.09% (基线+0.11%) | 解读:空头趋势延续
  S4 诱空（现货承接）   | H4 +0.02% (基线-0.00%) | H48 +0.06% (基线+0.11%) | 解读:存在反弹潜力
  S5 获利了结       | H4 +0.00% (基线-0.00%) | H48 +0.33% (基线+0.11%) | 解读:反弹近尾声
  S6 空头回补       | H4 -0.01% (基线-0.00%) | H48 +0.20% (基线+0.11%) | 解读:修复反弹
  S7 空头止盈·跌势衰竭  | H4 +0.03% (基线-0.00%) | H48 +0.11% (基线+0.11%) | 解读:衰竭信号
  S8 抛压释放·现货承接  | H4 -0.01% (基线-0.00%) | H48 +0.07% (基线+0.11%) | 解读:见底反弹
完成。
