[TASK] 任务已提交: 深度缩量×OI×价格方向 组合回测 4h
[TASK] CMD: /usr/local/bin/python3.11 -u /app/scripts/bin/research_cg_vol_deep_combo.py --interval 4h
[TASK] 开始执行，cwd=/app/scripts
粒度=4h | 面板 526815 行 / 506 币
深度缩量阈值 VOL_ratio<0.3，成本 0.3%，最远窗 H48h
  基线 n=526815  深缩 20879  OI增 248670  OI降 278145  涨后 252810  跌后 274005
=== 1) 深度缩量 × OI 方向 ===
  深缩+OI增 = 无成交杠杆堆积 | 深缩+OI降 = 平仓出清
  深缩 + OI 增                    n=   9702  超额  +1.29%  胜率  46%  净  +0.99%  ✅
  深缩 + OI 降                    n=  11177  超额  +1.16%  胜率  47%  净  +0.86%  ✅
  非深缩 + OI 增                   n= 238968  超额  +0.26%  胜率  44%  净  -0.04%  ❌
  非深缩 + OI 降                   n= 266968  超额  +0.29%  胜率  45%  净  -0.01%  ❌
=== 2) 深度缩量 × 价格方向 ===
  跌后缩量 = 抛压耗尽 | 涨后缩量 = 上涨缩量/假突破
  深缩 + 涨后                      n=   9936  超额  +1.30%  胜率  46%  净  +1.00%  ✅
  深缩 + 跌后                      n=  10943  超额  +1.15%  胜率  47%  净  +0.85%  ✅
  非深缩 + 涨后                     n= 242874  超额  +0.30%  胜率  44%  净  -0.00%  ❌
  非深缩 + 跌后                     n= 263062  超额  +0.26%  胜率  45%  净  -0.04%  ❌
=== 3) 三维 8 组（深缩/非深缩 × OI × P） ===
  深缩+OI增+涨后                    n=   6221  超额  +1.29%  胜率  46%  净  +0.99%  ✅
  深缩+OI增+跌后                    n=   3481  超额  +1.31%  胜率  46%  净  +1.01%  ✅
  深缩+OI降+涨后                    n=   3715  超额  +1.31%  胜率  47%  净  +1.01%  ✅
  深缩+OI降+跌后                    n=   7462  超额  +1.08%  胜率  47%  净  +0.78%  ✅
  非深缩+OI增+涨后                   n= 162299  超额  +0.25%  胜率  44%  净  -0.05%  ❌
  非深缩+OI增+跌后                   n=  76669  超额  +0.28%  胜率  45%  净  -0.02%  ❌
  非深缩+OI降+涨后                   n=  80575  超额  +0.39%  胜率  45%  净  +0.09%  ✅
  非深缩+OI降+跌后                   n= 186393  超额  +0.25%  胜率  45%  净  -0.05%  ❌
完成。
