[TASK] 任务已提交: VOL 量能强度分档回测 4h
[TASK] CMD: /usr/local/bin/python3.11 -u /app/scripts/bin/research_cg_vol_buckets.py --interval 4h
[TASK] 开始执行，cwd=/app/scripts
粒度=4h | 面板 526646 行 / 506 币
=== 全样本 VOL 量能强度分档（4h） ===
  档                      n | H4h | H8h | H12h | H24h | H48h
  <0.30  深度缩量        20874 |  +0.12/ 49% |  +0.28/ 49% |  +0.43/ 49% |  +0.64/ 47% |  +1.22/ 47%
  0.30~0.45          44516 |  +0.07/ 47% |  +0.13/ 47% |  +0.17/ 47% |  +0.29/ 46% |  +0.59/ 46%
  0.45~0.60          58412 |  +0.06/ 47% |  +0.09/ 47% |  +0.13/ 47% |  +0.21/ 46% |  +0.42/ 46%
  0.60~0.75          58319 |  +0.06/ 48% |  +0.09/ 47% |  +0.14/ 47% |  +0.25/ 46% |  +0.48/ 46%
  0.75~0.90          50998 |  +0.05/ 47% |  +0.06/ 47% |  +0.08/ 47% |  +0.22/ 46% |  +0.42/ 46%
  0.90~1.10  平量      54702 |  +0.03/ 47% |  +0.07/ 47% |  +0.12/ 47% |  +0.23/ 46% |  +0.40/ 46%
  1.10~1.40          57623 |  +0.04/ 47% |  +0.06/ 46% |  +0.08/ 46% |  +0.20/ 46% |  +0.35/ 46%
  1.40~2.00          65259 |  +0.02/ 47% |  +0.05/ 46% |  +0.07/ 46% |  +0.16/ 46% |  +0.25/ 45%
  2.00~3.00          46207 |  -0.01/ 46% |  +0.02/ 46% |  +0.04/ 45% |  +0.14/ 45% |  +0.20/ 44%
  >3.00  深度放量        69736 |  -0.06/ 45% |  -0.11/ 43% |  -0.16/ 42% |  -0.27/ 40% |  -0.37/ 39%
  扣成本净收益（往返 0.30%，H48h 超额）:
  档                    超额均值     -成本净  说明
  <0.30  深度缩量        +1.22%   +0.92%  ✅ 覆盖成本
  0.30~0.45          +0.59%   +0.29%  ✅ 覆盖成本
  0.45~0.60          +0.42%   +0.12%  ✅ 覆盖成本
  0.60~0.75          +0.48%   +0.18%  ✅ 覆盖成本
  0.75~0.90          +0.42%   +0.12%  ✅ 覆盖成本
  0.90~1.10  平量      +0.40%   +0.10%  ✅ 覆盖成本
  1.10~1.40          +0.35%   +0.05%  ✅ 覆盖成本
  1.40~2.00          +0.25%   -0.05%
  2.00~3.00          +0.20%   -0.10%
  >3.00  深度放量        -0.37%   -0.67%
=== S1-S8 × VOL 四大类（H48h 超额均值 %） ===
  场景   深度缩量 <0. | 中等缩量 0.6 | 平量 0.90~ | 放量 >1.10
  S1    +0.68 |  +0.47 |  +0.45 |  +0.06
  S2    +0.59 |  +0.41 |  +0.24 |  +0.03
  S3    +0.56 |  +0.53 |  +0.31 |  +0.07
  S4    +0.70 |  +0.47 |  +0.35 |  +0.02
  S5    +0.68 |  +0.49 |  +0.40 |  +0.31
  S6    +0.71 |  +0.54 |  +0.53 |  +0.17
  S7    +0.55 |  +0.41 |  +0.46 |  +0.08
  S8    +0.53 |  +0.41 |  +0.31 |  +0.03
  基线   +0.62 |  +0.45 |  +0.40 |  +0.08
完成。
