[TASK] 任务已提交: 盘面因子相关性投研 4h（180天）
[TASK] CMD: /usr/local/bin/python3.11 -u /app/scripts/bin/research_cg_factor_corr.py --interval 4h --ratio-type top_position
[TASK] 开始执行，cwd=/app/scripts
粒度=4h | cvd=560328 lsr(top_position)=557166 oi=561897 basis=380355 liq_agg=428588 | K线币数=529
########## cvd_net_ratio ↔ 价格（4h，504 币） ##########
=== 1. 面板相关：cvd_net_ratio 4h ===
  同期(T~T+4h)       n=526855 ρ=+0.179 (t=+131.95)
  前瞻 T+4h          n=526855 ρ=-0.001 (t=-0.76)
  前瞻 T+8h          n=526855 ρ=+0.000 (t=+0.27)
  前瞻 T+12h         n=526855 ρ=+0.002 (t=+1.14)
  前瞻 T+24h         n=526855 ρ=-0.000 (t=-0.30)
  前瞻 T+48h         n=526855 ρ=+0.003 (t=+2.13)
=== 2. 资产内时序相关（cvd_net_ratio 4h） ===
  口径                 资产数 | 平均ρ | 中位ρ | ρ>0占比 | t
  同期(T~T+4h)         504  | +0.231  | +0.227  |  100%   | +73.74
  前瞻 T+4h            504  | -0.002  | -0.002  |   46%   | -1.49
  前瞻 T+8h            504  | -0.001  | -0.000  |   50%   | -0.54
  前瞻 T+12h           504  | +0.001  | +0.002  |   51%   | +0.79
  前瞻 T+24h           504  | -0.002  | -0.003  |   45%   | -1.58
  前瞻 T+48h           504  | +0.002  | +0.004  |   53%   | +1.52
=== 3. cvd_net_ratio 4h 分位 5 桶 ===
  桶    因子分位           n | H4h | H8h | H12h | H24h | H48h
  Q1   [0%,20%)  105370 |  +0.07/ 50% |  +0.12/ 50% |  +0.16/ 50% |  +0.37/ 50% |  +0.61/ 49%
  Q2   [20%,40%)  105371 |  +0.04/ 48% |  +0.08/ 48% |  +0.12/ 48% |  +0.23/ 48% |  +0.44/ 47%
  Q3   [40%,60%)  105371 |  +0.03/ 47% |  +0.07/ 47% |  +0.10/ 47% |  +0.21/ 47% |  +0.51/ 47%
  Q4   [60%,80%)  105371 |  +0.04/ 47% |  +0.08/ 47% |  +0.13/ 47% |  +0.25/ 47% |  +0.57/ 47%
  Q5   [80%,100%)  105372 |  +0.07/ 48% |  +0.12/ 48% |  +0.19/ 49% |  +0.33/ 49% |  +0.66/ 49%
  基线  [全样本]  526855 |  +0.05/ 48% |  +0.10/ 48% |  +0.14/ 48% |  +0.28/ 48% |  +0.56/ 48%
=== 4. 稳健性：超额(减BTC)面板（cvd_net_ratio 4h） ===
  同期(T~T+4h)       n=526855 ρ=+0.181 (t=+133.81)
  前瞻 T+4h          n=526855 ρ=-0.000 (t=-0.29)
  前瞻 T+8h          n=526855 ρ=-0.000 (t=-0.28)
  前瞻 T+12h         n=526855 ρ=+0.000 (t=+0.20)
  前瞻 T+24h         n=526855 ρ=-0.002 (t=-1.34)
  前瞻 T+48h         n=526855 ρ=+0.001 (t=+1.07)
=== 5. 稳健性：超额(减BTC)资产内（cvd_net_ratio 4h） ===
  口径                 资产数 | 平均ρ | 中位ρ | ρ>0占比 | t
  同期(T~T+4h)         504  | +0.237  | +0.232  |  100%   | +72.36
  前瞻 T+4h            504  | -0.001  | -0.002  |   46%   | -1.13
  前瞻 T+8h            504  | -0.002  | -0.003  |   46%   | -1.94
  前瞻 T+12h           504  | -0.001  | -0.000  |   49%   | -1.06
  前瞻 T+24h           504  | -0.005  | -0.006  |   42%   | -3.64
  前瞻 T+48h           504  | +0.000  | -0.000  |   50%   | +0.09
########## lsr_top_position ↔ 价格（4h，503 币） ##########
=== 6. 面板相关：lsr_top_position 4h ===
  同期(T~T+4h)       n=525779 ρ=+0.002 (t=+1.51)
  前瞻 T+4h          n=525779 ρ=+0.002 (t=+1.36)
  前瞻 T+8h          n=525779 ρ=+0.003 (t=+1.83)
  前瞻 T+12h         n=525779 ρ=+0.003 (t=+2.25)
  前瞻 T+24h         n=525779 ρ=+0.004 (t=+2.84)
  前瞻 T+48h         n=525779 ρ=+0.003 (t=+2.10)
=== 7. 资产内时序相关（lsr_top_position 4h） ===
  口径                 资产数 | 平均ρ | 中位ρ | ρ>0占比 | t
  同期(T~T+4h)         503  | +0.006  | +0.007  |   59%   | +3.57
  前瞻 T+4h            503  | +0.005  | +0.006  |   58%   | +2.85
  前瞻 T+8h            503  | +0.006  | +0.007  |   57%   | +2.80
  前瞻 T+12h           503  | +0.008  | +0.008  |   56%   | +2.78
  前瞻 T+24h           503  | +0.010  | +0.008  |   55%   | +2.62
  前瞻 T+48h           503  | +0.008  | +0.005  |   52%   | +1.55
=== 8. lsr_top_position 4h 分位 5 桶 ===
  桶    因子分位           n | H4h | H8h | H12h | H24h | H48h
  Q1   [0%,20%)  102880 |  +0.03/ 48% |  +0.06/ 47% |  +0.09/ 48% |  +0.18/ 48% |  +0.48/ 49%
  Q2   [20%,40%)  104453 |  +0.06/ 48% |  +0.10/ 47% |  +0.15/ 48% |  +0.30/ 48% |  +0.53/ 48%
  Q3   [40%,60%)  107965 |  +0.04/ 48% |  +0.09/ 48% |  +0.13/ 48% |  +0.28/ 48% |  +0.53/ 48%
  Q4   [60%,80%)  104264 |  +0.05/ 48% |  +0.11/ 48% |  +0.16/ 48% |  +0.29/ 48% |  +0.58/ 48%
  Q5   [80%,100%)  106217 |  +0.06/ 49% |  +0.12/ 49% |  +0.18/ 49% |  +0.35/ 49% |  +0.66/ 49%
  基线  [全样本]  525779 |  +0.05/ 48% |  +0.10/ 48% |  +0.14/ 48% |  +0.28/ 48% |  +0.56/ 48%
=== 9. 稳健性：超额(减BTC)面板（lsr_top_position 4h） ===
  同期(T~T+4h)       n=525779 ρ=+0.001 (t=+1.00)
  前瞻 T+4h          n=525779 ρ=+0.002 (t=+1.77)
  前瞻 T+8h          n=525779 ρ=+0.003 (t=+2.36)
  前瞻 T+12h         n=525779 ρ=+0.004 (t=+2.92)
  前瞻 T+24h         n=525779 ρ=+0.005 (t=+3.73)
  前瞻 T+48h         n=525779 ρ=+0.005 (t=+3.42)
=== 10. 稳健性：超额(减BTC)资产内（lsr_top_position 4h） ===
  口径                 资产数 | 平均ρ | 中位ρ | ρ>0占比 | t
  同期(T~T+4h)         503  | +0.004  | +0.004  |   54%   | +2.50
  前瞻 T+4h            503  | +0.007  | +0.009  |   58%   | +4.53
  前瞻 T+8h            503  | +0.010  | +0.010  |   58%   | +4.44
  前瞻 T+12h           503  | +0.012  | +0.011  |   57%   | +4.44
  前瞻 T+24h           503  | +0.016  | +0.015  |   56%   | +4.37
  前瞻 T+48h           503  | +0.017  | +0.023  |   55%   | +3.51
########## oi_chg_pct ↔ 价格（4h，504 币） ##########
=== 11. 面板相关：oi_chg_pct 4h ===
  同期(T~T+4h)       n=525709 ρ=+0.447 (t=+362.09)
  前瞻 T+4h          n=525709 ρ=-0.009 (t=-6.74)
  前瞻 T+8h          n=525709 ρ=-0.010 (t=-7.29)
  前瞻 T+12h         n=525709 ρ=-0.003 (t=-2.50)
  前瞻 T+24h         n=525709 ρ=+0.000 (t=+0.00)
  前瞻 T+48h         n=525709 ρ=-0.000 (t=-0.20)
=== 12. 资产内时序相关（oi_chg_pct 4h） ===
  口径                 资产数 | 平均ρ | 中位ρ | ρ>0占比 | t
  同期(T~T+4h)         504  | +0.505  | +0.516  |  100%   | +80.25
  前瞻 T+4h            504  | -0.023  | -0.026  |   32%   | -7.37
  前瞻 T+8h            504  | -0.026  | -0.024  |   30%   | -8.00
  前瞻 T+12h           504  | -0.021  | -0.024  |   32%   | -6.48
  前瞻 T+24h           504  | -0.021  | -0.023  |   34%   | -6.25
  前瞻 T+48h           504  | -0.023  | -0.023  |   33%   | -7.94
=== 13. oi_chg_pct 4h 分位 5 桶 ===
  桶    因子分位           n | H4h | H8h | H12h | H24h | H48h
  Q1   [0%,20%)  105141 |  +0.06/ 49% |  +0.09/ 49% |  +0.06/ 48% |  +0.13/ 48% |  +0.34/ 47%
  Q2   [20%,40%)  105142 |  +0.06/ 49% |  +0.11/ 49% |  +0.17/ 49% |  +0.33/ 49% |  +0.58/ 49%
  Q3   [40%,60%)  105142 |  +0.05/ 49% |  +0.11/ 49% |  +0.17/ 49% |  +0.31/ 49% |  +0.63/ 49%
  Q4   [60%,80%)  105142 |  +0.02/ 47% |  +0.09/ 48% |  +0.15/ 48% |  +0.30/ 48% |  +0.59/ 49%
  Q5   [80%,100%)  105142 |  +0.03/ 46% |  +0.07/ 46% |  +0.14/ 46% |  +0.31/ 46% |  +0.62/ 47%
  基线  [全样本]  525709 |  +0.05/ 48% |  +0.09/ 48% |  +0.14/ 48% |  +0.28/ 48% |  +0.55/ 48%
=== 14. 稳健性：超额(减BTC)面板（oi_chg_pct 4h） ===
  同期(T~T+4h)       n=525709 ρ=+0.452 (t=+367.04)
  前瞻 T+4h          n=525709 ρ=-0.009 (t=-6.64)
  前瞻 T+8h          n=525709 ρ=-0.011 (t=-8.25)
  前瞻 T+12h         n=525709 ρ=-0.005 (t=-3.89)
  前瞻 T+24h         n=525709 ρ=-0.003 (t=-2.11)
  前瞻 T+48h         n=525709 ρ=-0.004 (t=-2.63)
=== 15. 稳健性：超额(减BTC)资产内（oi_chg_pct 4h） ===
  口径                 资产数 | 平均ρ | 中位ρ | ρ>0占比 | t
  同期(T~T+4h)         504  | +0.516  | +0.529  |  100%   | +82.75
  前瞻 T+4h            504  | -0.025  | -0.026  |   33%   | -7.61
  前瞻 T+8h            504  | -0.031  | -0.031  |   29%   | -9.08
  前瞻 T+12h           504  | -0.028  | -0.030  |   28%   | -8.08
  前瞻 T+24h           504  | -0.031  | -0.035  |   30%   | -8.75
  前瞻 T+48h           504  | -0.035  | -0.036  |   27%   | -11.31
########## basis_pct ↔ 价格（4h，336 币） ##########
=== 16. 面板相关：basis_pct 4h ===
  同期(T~T+4h)       n=352453 ρ=+0.011 (t=+6.36)
  前瞻 T+4h          n=352453 ρ=-0.003 (t=-1.59)
  前瞻 T+8h          n=352453 ρ=-0.004 (t=-2.27)
  前瞻 T+12h         n=352453 ρ=-0.005 (t=-2.87)
  前瞻 T+24h         n=352453 ρ=-0.007 (t=-3.95)
  前瞻 T+48h         n=352453 ρ=-0.009 (t=-5.29)
=== 17. 资产内时序相关（basis_pct 4h） ===
  口径                 资产数 | 平均ρ | 中位ρ | ρ>0占比 | t
  同期(T~T+4h)         336  | -0.009  | -0.023  |   40%   | -1.44
  前瞻 T+4h            336  | -0.007  | -0.007  |   43%   | -2.37
  前瞻 T+8h            336  | -0.011  | -0.007  |   42%   | -3.40
  前瞻 T+12h           336  | -0.016  | -0.015  |   38%   | -4.74
  前瞻 T+24h           336  | -0.016  | -0.011  |   41%   | -3.86
  前瞻 T+48h           336  | -0.028  | -0.020  |   39%   | -5.77
=== 18. basis_pct 4h 分位 5 桶 ===
  桶    因子分位           n | H4h | H8h | H12h | H24h | H48h
  Q1   [0%,20%)  70486 |  +0.04/ 48% |  +0.07/ 48% |  +0.11/ 49% |  +0.18/ 48% |  +0.43/ 48%
  Q2   [20%,40%)  70445 |  +0.04/ 48% |  +0.11/ 48% |  +0.18/ 49% |  +0.30/ 49% |  +0.55/ 48%
  Q3   [40%,60%)  70490 |  +0.03/ 48% |  +0.06/ 48% |  +0.08/ 48% |  +0.20/ 48% |  +0.38/ 47%
  Q4   [60%,80%)  70496 |  +0.03/ 48% |  +0.07/ 48% |  +0.10/ 48% |  +0.22/ 49% |  +0.41/ 49%
  Q5   [80%,100%)  70536 |  +0.04/ 48% |  +0.04/ 47% |  +0.06/ 47% |  +0.15/ 48% |  +0.34/ 48%
  基线  [全样本]  352453 |  +0.04/ 48% |  +0.07/ 48% |  +0.10/ 48% |  +0.21/ 48% |  +0.42/ 48%
=== 19. 稳健性：超额(减BTC)面板（basis_pct 4h） ===
  同期(T~T+4h)       n=352453 ρ=+0.010 (t=+6.13)
  前瞻 T+4h          n=352453 ρ=-0.003 (t=-2.04)
  前瞻 T+8h          n=352453 ρ=-0.005 (t=-2.92)
  前瞻 T+12h         n=352453 ρ=-0.006 (t=-3.75)
  前瞻 T+24h         n=352453 ρ=-0.009 (t=-5.15)
  前瞻 T+48h         n=352453 ρ=-0.011 (t=-6.49)
=== 20. 稳健性：超额(减BTC)资产内（basis_pct 4h） ===
  口径                 资产数 | 平均ρ | 中位ρ | ρ>0占比 | t
  同期(T~T+4h)         336  | -0.008  | -0.025  |   40%   | -1.24
  前瞻 T+4h            336  | -0.010  | -0.009  |   42%   | -3.18
  前瞻 T+8h            336  | -0.015  | -0.013  |   39%   | -4.29
  前瞻 T+12h           336  | -0.020  | -0.018  |   35%   | -5.56
  前瞻 T+24h           336  | -0.021  | -0.016  |   38%   | -4.78
  前瞻 T+48h           336  | -0.035  | -0.026  |   33%   | -7.15
########## liq_asym ↔ 价格（4h，504 币） ##########
=== 21. 面板相关：liq_asym 4h ===
  同期(T~T+4h)       n=403493 ρ=-0.234 (t=-152.93)
  前瞻 T+4h          n=403493 ρ=-0.002 (t=-1.26)
  前瞻 T+8h          n=403493 ρ=-0.003 (t=-1.95)
  前瞻 T+12h         n=403493 ρ=-0.008 (t=-5.22)
  前瞻 T+24h         n=403493 ρ=-0.007 (t=-4.24)
  前瞻 T+48h         n=403493 ρ=-0.009 (t=-5.64)
=== 22. 资产内时序相关（liq_asym 4h） ===
  口径                 资产数 | 平均ρ | 中位ρ | ρ>0占比 | t
  同期(T~T+4h)         504  | -0.273  | -0.271  |    0%   | -103.50
  前瞻 T+4h            504  | +0.004  | +0.003  |   53%   | +2.43
  前瞻 T+8h            504  | +0.005  | +0.003  |   52%   | +2.95
  前瞻 T+12h           504  | -0.001  | +0.001  |   51%   | -0.62
  前瞻 T+24h           504  | +0.005  | +0.004  |   54%   | +2.47
  前瞻 T+48h           504  | +0.004  | +0.004  |   52%   | +1.83
=== 23. liq_asym 4h 分位 5 桶 ===
  桶    因子分位           n | H4h | H8h | H12h | H24h | H48h
  Q1   [0%,20%)  80698 |  +0.08/ 47% |  +0.13/ 47% |  +0.24/ 48% |  +0.45/ 48% |  +0.85/ 48%
  Q2   [20%,40%)  80699 |  +0.02/ 47% |  +0.09/ 46% |  +0.13/ 46% |  +0.19/ 45% |  +0.45/ 45%
  Q3   [40%,60%)  80698 |  +0.03/ 48% |  +0.03/ 48% |  +0.03/ 47% |  +0.14/ 47% |  +0.39/ 47%
  Q4   [60%,80%)   6701 |  +0.03/ 48% |  -0.07/ 49% |  +0.06/ 49% |  +0.19/ 48% |  +0.35/ 48%
  Q5   [80%,100%)  154697 |  +0.06/ 49% |  +0.12/ 49% |  +0.16/ 50% |  +0.32/ 50% |  +0.56/ 50%
  基线  [全样本]  403493 |  +0.05/ 48% |  +0.09/ 48% |  +0.14/ 48% |  +0.28/ 48% |  +0.56/ 48%
=== 24. 稳健性：超额(减BTC)面板（liq_asym 4h） ===
  同期(T~T+4h)       n=403493 ρ=-0.236 (t=-154.04)
  前瞻 T+4h          n=403493 ρ=-0.000 (t=-0.28)
  前瞻 T+8h          n=403493 ρ=+0.001 (t=+0.46)
  前瞻 T+12h         n=403493 ρ=-0.002 (t=-1.42)
  前瞻 T+24h         n=403493 ρ=-0.002 (t=-1.11)
  前瞻 T+48h         n=403493 ρ=-0.007 (t=-4.21)
=== 25. 稳健性：超额(减BTC)资产内（liq_asym 4h） ===
  口径                 资产数 | 平均ρ | 中位ρ | ρ>0占比 | t
  同期(T~T+4h)         504  | -0.278  | -0.273  |    0%   | -100.10
  前瞻 T+4h            504  | +0.008  | +0.008  |   58%   | +4.71
  前瞻 T+8h            504  | +0.013  | +0.012  |   61%   | +7.11
  前瞻 T+12h           504  | +0.010  | +0.011  |   58%   | +5.45
  前瞻 T+24h           504  | +0.015  | +0.015  |   63%   | +7.30
  前瞻 T+48h           504  | +0.008  | +0.009  |   55%   | +3.56
完成。
