[TASK] 任务已提交: S3/S4 × OI 强度分档回测 12h
[TASK] CMD: /usr/local/bin/python3.11 -u /app/scripts/bin/research_cg_s1s8_strength.py --interval 12h
[TASK] 开始执行，cwd=/app/scripts
粒度=12h | oi=360993 cvd=358863 | 成本=0.30% 往返
面板：S3=15900 桶，S4=5158 桶（VOL↑ 且 P↓OI↑）
=== S3/S4 × OI 强度分档（12h） ===
  —— S3 真实空头 · 做空（-fwd）（n=15900）按 OI 增幅分 5 档 ——
    档    OI增幅区间                n | H12h | H24h | H48h | H72h | H96h
    Q1   [+0.00,+0.76)    3180 |  +0.12/ 52% |  +0.13/ 54% |  +0.48/ 55% |  +0.50/ 56% |  +0.71/ 57%
    Q2   [+0.76,+1.80)    3180 |  +0.05/ 52% |  +0.19/ 54% |  +0.36/ 56% |  +0.25/ 57% |  +0.37/ 58%
    Q3   [+1.80,+3.41)    3180 |  +0.13/ 53% |  +0.13/ 53% |  +0.50/ 56% |  +0.53/ 56% |  +0.46/ 57%
    Q4   [+3.41,+6.80)    3180 |  +0.16/ 55% |  +0.04/ 54% |  +0.32/ 55% |  +0.59/ 56% |  +0.73/ 58%
    Q5   [+6.80,+14656.31)    3180 |  +0.40/ 53% |  +0.61/ 55% |  +0.83/ 58% |  +0.79/ 60% |  +0.99/ 60%
    净收益（往返成本 0.30%，H96h）：
    档         毛收益      -成本      超额净  说明
    Q1     +0.71%   +0.41%   +0.39%  ✅ 覆盖成本
    Q2     +0.37%   +0.07%   +0.10%  ✅ 覆盖成本
    Q3     +0.46%   +0.16%   +0.08%  ✅ 覆盖成本
    Q4     +0.73%   +0.43%   +0.43%  ✅ 覆盖成本
    Q5     +0.99%   +0.69%   +0.46%  ✅ 覆盖成本
  —— S4 诱空反弹 · 做多（+fwd）（n=5158）按 OI 增幅分 5 档 ——
    档    OI增幅区间                n | H12h | H24h | H48h | H72h | H96h
    Q1   [+0.00,+0.78)    1031 |  +0.04/ 45% |  +0.03/ 50% |  -0.23/ 47% |  +0.38/ 47% |  +0.44/ 48%
    Q2   [+0.78,+1.90)    1032 |  +0.24/ 48% |  +0.52/ 48% |  +0.39/ 48% |  +0.77/ 47% |  +0.44/ 44%
    Q3   [+1.90,+3.58)    1031 |  -0.16/ 47% |  -0.24/ 45% |  -0.02/ 44% |  +0.31/ 45% |  -0.17/ 44%
    Q4   [+3.58,+7.10)    1032 |  +0.11/ 47% |  +0.16/ 49% |  +0.10/ 47% |  +0.12/ 45% |  +0.36/ 45%
    Q5   [+7.10,+234.65)    1032 |  -0.25/ 43% |  -0.08/ 45% |  -0.79/ 41% |  -0.89/ 39% |  -0.93/ 40%
    净收益（往返成本 0.30%，H96h）：
    档         毛收益      -成本      超额净  说明
    Q1     +0.44%   +0.14%   +0.74%  ✅ 覆盖成本
    Q2     +0.44%   +0.14%   +0.84%  ✅ 覆盖成本
    Q3     -0.17%   -0.47%   +0.45%
    Q4     +0.36%   +0.06%   +0.77%  ✅ 覆盖成本
    Q5     -0.93%   -1.23%   -0.33%
=== 稳健性：超额(减BTC)（12h） ===
  —— S3 真实空头 · 做空（-fwd）（n=15900）按 OI 增幅分 5 档 ——
    档    OI增幅区间                n | H12h | H24h | H48h | H72h | H96h
    Q1   [+0.00,+0.76)    3180 |  +0.07/ 54% |  -0.01/ 55% |  +0.24/ 57% |  +0.31/ 58% |  +0.39/ 59%
    Q2   [+0.76,+1.80)    3180 |  +0.02/ 53% |  +0.05/ 55% |  +0.08/ 58% |  +0.05/ 59% |  +0.10/ 60%
    Q3   [+1.80,+3.41)    3180 |  +0.07/ 55% |  +0.03/ 55% |  +0.25/ 57% |  +0.24/ 58% |  +0.08/ 58%
    Q4   [+3.41,+6.80)    3180 |  +0.15/ 57% |  +0.02/ 56% |  +0.23/ 59% |  +0.39/ 58% |  +0.43/ 60%
    Q5   [+6.80,+14656.31)    3180 |  +0.43/ 57% |  +0.66/ 58% |  +0.71/ 61% |  +0.25/ 60% |  +0.46/ 61%
    净收益（往返成本 0.30%，H96h）：
    档         毛收益      -成本      超额净  说明
    Q1     +0.71%   +0.41%   +0.39%  ✅ 覆盖成本
    Q2     +0.37%   +0.07%   +0.10%  ✅ 覆盖成本
    Q3     +0.46%   +0.16%   +0.08%  ✅ 覆盖成本
    Q4     +0.73%   +0.43%   +0.43%  ✅ 覆盖成本
    Q5     +0.99%   +0.69%   +0.46%  ✅ 覆盖成本
  —— S4 诱空反弹 · 做多（+fwd）（n=5158）按 OI 增幅分 5 档 ——
    档    OI增幅区间                n | H12h | H24h | H48h | H72h | H96h
    Q1   [+0.00,+0.78)    1031 |  +0.05/ 45% |  +0.05/ 46% |  +0.11/ 46% |  +0.48/ 46% |  +0.74/ 47%
    Q2   [+0.78,+1.90)    1032 |  +0.30/ 47% |  +0.65/ 47% |  +0.64/ 46% |  +0.93/ 46% |  +0.84/ 45%
    Q3   [+1.90,+3.58)    1031 |  -0.13/ 45% |  -0.06/ 46% |  +0.36/ 43% |  +0.71/ 44% |  +0.45/ 44%
    Q4   [+3.58,+7.10)    1032 |  +0.07/ 43% |  +0.13/ 46% |  +0.21/ 44% |  +0.24/ 43% |  +0.77/ 43%
    Q5   [+7.10,+234.65)    1032 |  -0.17/ 41% |  +0.02/ 42% |  -0.56/ 37% |  -0.48/ 38% |  -0.33/ 38%
    净收益（往返成本 0.30%，H96h）：
    档         毛收益      -成本      超额净  说明
    Q1     +0.44%   +0.14%   +0.74%  ✅ 覆盖成本
    Q2     +0.44%   +0.14%   +0.84%  ✅ 覆盖成本
    Q3     -0.17%   -0.47%   +0.45%
    Q4     +0.36%   +0.06%   +0.77%  ✅ 覆盖成本
    Q5     -0.93%   -1.23%   -0.33%
完成。
