[TASK] 任务已提交: VOL 量能强度分档回测 12h
[TASK] CMD: /usr/local/bin/python3.11 -u /app/scripts/bin/research_cg_vol_buckets.py --interval 12h
[TASK] 开始执行，cwd=/app/scripts
粒度=12h | 面板 343773 行 / 515 币
=== 全样本 VOL 量能强度分档（12h） ===
  档                      n | H12h | H24h | H48h | H72h | H96h
  <0.30  深度缩量        13484 |  +0.19/ 47% |  +0.34/ 46% |  +0.61/ 44% |  +0.88/ 44% |  +1.18/ 44%
  0.30~0.45          26740 |  +0.07/ 46% |  +0.12/ 44% |  +0.30/ 44% |  +0.35/ 43% |  +0.42/ 43%
  0.45~0.60          37133 |  +0.04/ 45% |  +0.07/ 44% |  +0.18/ 44% |  +0.35/ 44% |  +0.42/ 43%
  0.60~0.75          38708 |  +0.05/ 46% |  +0.08/ 45% |  +0.12/ 44% |  +0.21/ 43% |  +0.28/ 43%
  0.75~0.90          35220 |  +0.07/ 46% |  +0.10/ 45% |  +0.19/ 44% |  +0.18/ 43% |  +0.19/ 43%
  0.90~1.10  平量      37859 |  +0.05/ 46% |  +0.11/ 45% |  +0.19/ 44% |  +0.19/ 43% |  +0.24/ 43%
  1.10~1.40          38419 |  +0.08/ 46% |  +0.14/ 45% |  +0.25/ 44% |  +0.24/ 43% |  +0.25/ 42%
  1.40~2.00          41766 |  +0.04/ 45% |  +0.11/ 45% |  +0.10/ 43% |  +0.15/ 43% |  +0.15/ 42%
  2.00~3.00          28966 |  +0.01/ 45% |  -0.02/ 44% |  -0.09/ 43% |  -0.04/ 41% |  +0.05/ 41%
  >3.00  深度放量        45478 |  -0.11/ 42% |  -0.17/ 41% |  -0.27/ 39% |  -0.37/ 38% |  -0.40/ 38%
  扣成本净收益（往返 0.30%，H96h 超额）:
  档                    超额均值     -成本净  说明
  <0.30  深度缩量        +1.18%   +0.88%  ✅ 覆盖成本
  0.30~0.45          +0.42%   +0.12%  ✅ 覆盖成本
  0.45~0.60          +0.42%   +0.12%  ✅ 覆盖成本
  0.60~0.75          +0.28%   -0.02%
  0.75~0.90          +0.19%   -0.11%
  0.90~1.10  平量      +0.24%   -0.06%
  1.10~1.40          +0.25%   -0.05%
  1.40~2.00          +0.15%   -0.15%
  2.00~3.00          +0.05%   -0.25%
  >3.00  深度放量        -0.40%   -0.70%
=== S1-S8 × VOL 四大类（H96h 超额均值 %） ===
  场景   深度缩量 <0. | 中等缩量 0.6 | 平量 0.90~ | 放量 >1.10
  S1    +0.97 |  +0.20 |  +0.41 |  +0.10
  S2    +0.57 |  +0.36 |  +0.73 |  -0.12
  S3    +0.14 |  -0.11 |  +0.00 |  -0.32
  S4    +0.23 |  +0.02 |  -0.31 |  +0.61
  S5    +0.32 |  +0.32 |  +0.15 |  +0.05
  S6    +0.65 |  +0.11 |  +0.39 |  -0.09
  S7    +0.47 |  +0.31 |  +0.08 |  -0.03
  S8    +0.80 |  +0.36 |  -0.02 |  +0.48
  基线   +0.55 |  +0.23 |  +0.24 |  -0.01
完成。
